******************************************************************************
                  TI ARM Linker Unix v20.2.5                   
******************************************************************************
>> Linked Mon Mar 28 08:53:21 2022

OUTPUT FILE NAME:   <P3_PAE.out>
ENTRY POINT SYMBOL: "_c_int00_noargs"  address: 00000afd


MEMORY CONFIGURATION

         name            origin    length      used     unused   attr    fill
----------------------  --------  ---------  --------  --------  ----  --------
  MAIN                  00000000   00040000  00000b84  0003f47c  R  X
  INFO                  00200000   00004000  00000000  00004000  R  X
  SRAM_CODE             01000000   00010000  00000220  0000fde0  RW X
  SRAM_DATA             20000000   00010000  00000220  0000fde0  RW  


SEGMENT ALLOCATION MAP

run origin  load origin   length   init length attrs members
----------  ----------- ---------- ----------- ----- -------
00000000    00000000    00000b88   00000b88    r-x
  00000000    00000000    000000e4   000000e4    r-- .intvecs
  000000e4    000000e4    00000a70   00000a70    r-x .text
  00000b58    00000b58    00000030   00000030    r-- .cinit
20000000    20000000    00000020   00000000    rw-
  20000000    20000000    00000020   00000000    rw- .data
2000fe00    2000fe00    00000200   00000000    rw-
  2000fe00    2000fe00    00000200   00000000    rw- .stack


SECTION ALLOCATION MAP

 output                                  attributes/
section   page    origin      length       input sections
--------  ----  ----------  ----------   ----------------
.intvecs   0    00000000    000000e4     
                  00000000    000000e4     startup_msp432p401r_ccs.obj (.intvecs:retain)

.text      0    000000e4    00000a70     
                  000000e4    00000524     main.obj (.text)
                  00000608    00000334     system_msp432p401r.obj (.text)
                  0000093c    0000009c     rtsv7M4_T_le_v4SPD16_eabi.lib : memcpy_t2.asm.obj (.text)
                  000009d8    00000078     lib_PAE.lib : Inicializacion.obj (.text)
                  00000a50    00000068     rtsv7M4_T_le_v4SPD16_eabi.lib : copy_decompress_lzss.c.obj (.text:decompress:lzss:__TI_decompress_lzss)
                  00000ab8    00000044                                   : autoinit.c.obj (.text:__TI_auto_init_nobinit_nopinit:__TI_auto_init_nobinit_nopinit)
                  00000afc    00000034                                   : boot_cortex_m.c.obj (.text:_c_int00_noargs:_c_int00_noargs)
                  00000b30    0000000e                                   : copy_decompress_none.c.obj (.text:decompress:none:__TI_decompress_none)
                  00000b3e    0000000e     startup_msp432p401r_ccs.obj (.text)
                  00000b4c    00000004     rtsv7M4_T_le_v4SPD16_eabi.lib : pre_init.c.obj (.text:_system_pre_init)
                  00000b50    00000004                                   : exit.c.obj (.text:abort:abort)

.cinit     0    00000b58    00000030     
                  00000b58    00000020     (.cinit..data.load) [load image, compression = lzss]
                  00000b78    00000008     (__TI_handler_table)
                  00000b80    00000008     (__TI_cinit_table)

.init_array 
*          0    00000000    00000000     UNINITIALIZED

.binit     0    00000000    00000000     

.data      0    20000000    00000020     UNINITIALIZED
                  20000000    00000014     main.obj (.data:color_sequence)
                  20000014    00000005     main.obj (.data)
                  20000019    00000003     --HOLE--
                  2000001c    00000004     system_msp432p401r.obj (.data)

.stack     0    2000fe00    00000200     UNINITIALIZED
                  2000fe00    00000004     rtsv7M4_T_le_v4SPD16_eabi.lib : boot_cortex_m.c.obj (.stack)
                  2000fe04    000001fc     --HOLE--

__llvm_prf_cnts 
*          0    20000000    00000000     UNINITIALIZED

MODULE SUMMARY

       Module                        code   ro data   rw data
       ------                        ----   -------   -------
    ./
       main.obj                      1316   0         50     
       system_msp432p401r.obj        820    0         8      
       startup_msp432p401r_ccs.obj   14     228       0      
    +--+-----------------------------+------+---------+---------+
       Total:                        2150   228       58     
                                                             
    ../lib_PAE.lib
       Inicializacion.obj            120    0         0      
    +--+-----------------------------+------+---------+---------+
       Total:                        120    0         0      
                                                             
    /Applications/ti/ccs1040/ccs/tools/compiler/ti-cgt-arm_20.2.5.LTS/lib/rtsv7M4_T_le_v4SPD16_eabi.lib
       memcpy_t2.asm.obj             156    0         0      
       copy_decompress_lzss.c.obj    104    0         0      
       autoinit.c.obj                68     0         0      
       boot_cortex_m.c.obj           52     0         0      
       copy_decompress_none.c.obj    14     0         0      
       exit.c.obj                    4      0         0      
       pre_init.c.obj                4      0         0      
    +--+-----------------------------+------+---------+---------+
       Total:                        402    0         0      
                                                             
       Stack:                        0      0         1024   
       Linker Generated:             0      48        0      
    +--+-----------------------------+------+---------+---------+
       Grand Total:                  2672   276       1082   


LINKER GENERATED COPY TABLES

__TI_cinit_table @ 00000b80 records: 1, size/record: 8, table size: 8
	.data: load addr=00000b58, load size=00000020 bytes, run addr=20000000, run size=00000020 bytes, compression=lzss


LINKER GENERATED HANDLER TABLE

__TI_handler_table @ 00000b78 records: 2, size/record: 4, table size: 8
	index: 0, handler: __TI_decompress_lzss
	index: 1, handler: __TI_decompress_none


GLOBAL SYMBOLS: SORTED ALPHABETICALLY BY Name 

address   name                          
-------   ----                          
00000b4b  ADC14_IRQHandler              
00000b4b  AES256_IRQHandler             
00000b4b  BusFault_Handler              
00000b51  C$$EXIT                       
00000b4b  COMP_E0_IRQHandler            
00000b4b  COMP_E1_IRQHandler            
00000b4b  CS_IRQHandler                 
00000b4b  DMA_ERR_IRQHandler            
00000b4b  DMA_INT0_IRQHandler           
00000b4b  DMA_INT1_IRQHandler           
00000b4b  DMA_INT2_IRQHandler           
00000b4b  DMA_INT3_IRQHandler           
00000b4b  DebugMon_Handler              
00000b4b  Default_Handler               
00000b4b  EUSCIA0_IRQHandler            
00000b4b  EUSCIA1_IRQHandler            
00000b4b  EUSCIA2_IRQHandler            
00000b4b  EUSCIA3_IRQHandler            
00000b4b  EUSCIB0_IRQHandler            
00000b4b  EUSCIB1_IRQHandler            
00000b4b  EUSCIB2_IRQHandler            
00000b4b  EUSCIB3_IRQHandler            
00000b4b  FLCTL_IRQHandler              
00000b4b  FPU_IRQHandler                
00000b4b  HardFault_Handler             
00000b4b  MemManage_Handler             
00000b4b  NMI_Handler                   
00000b4b  PCM_IRQHandler                
00000457  PORT1_IRQHandler              
00000457  PORT1_IRQHandler              
00000b4b  PORT2_IRQHandler              
00000b4b  PORT3_IRQHandler              
00000485  PORT4_IRQHandler              
00000485  PORT4_IRQHandler              
00000525  PORT5_IRQHandler              
00000525  PORT5_IRQHandler              
00000b4b  PORT6_IRQHandler              
00000b4b  PSS_IRQHandler                
00000b4b  PendSV_Handler                
00000b4b  RTC_C_IRQHandler              
00000b3f  Reset_Handler                 
00000b4b  SVC_Handler                   
00000b4b  SysTick_Handler               
2000001c  SystemCoreClock               
00000609  SystemCoreClockUpdate         
00000881  SystemInit                    
00000b4b  T32_INT1_IRQHandler           
00000b4b  T32_INT2_IRQHandler           
00000b4b  T32_INTC_IRQHandler           
00000357  TA0_0_IRQHandler              
00000357  TA0_0_IRQHandler              
00000b4b  TA0_N_IRQHandler              
000003a7  TA1_0_IRQHandler              
000003a7  TA1_0_IRQHandler              
00000b4b  TA1_N_IRQHandler              
00000b4b  TA2_0_IRQHandler              
00000b4b  TA2_N_IRQHandler              
00000b4b  TA3_0_IRQHandler              
00000b4b  TA3_N_IRQHandler              
00000b4b  UsageFault_Handler            
4000480c  WDTCTL_SYM                    
00000b4b  WDT_A_IRQHandler              
20010000  __STACK_END                   
00000200  __STACK_SIZE                  
00000b80  __TI_CINIT_Base               
00000b88  __TI_CINIT_Limit              
00000b78  __TI_Handler_Table_Base       
00000b80  __TI_Handler_Table_Limit      
00000ab9  __TI_auto_init_nobinit_nopinit
00000a51  __TI_decompress_lzss          
00000b31  __TI_decompress_none          
ffffffff  __TI_pprof_out_hndl           
ffffffff  __TI_prof_data_size           
ffffffff  __TI_prof_data_start          
00000000  __TI_static_base__            
0000093d  __aeabi_memcpy                
0000093d  __aeabi_memcpy4               
0000093d  __aeabi_memcpy8               
ffffffff  __binit__                     
ffffffff  __c_args__                    
UNDEFED   __mpu_init                    
2000fe00  __stack                       
20000000  __start___llvm_prf_cnts       
20000000  __stop___llvm_prf_cnts        
00000afd  _c_int00_noargs               
UNDEFED   _system_post_cinit            
00000b4d  _system_pre_init              
00000b51  abort                         
20000015  aux_TA1                       
ffffffff  binit                         
20000000  color_sequence                
000002a7  config_RGB_LEDS               
20000016  index_TA1                     
0000014b  init_botons                   
000000e5  init_interrupciones           
0000020d  init_joysticks                
000002f9  init_timers                   
000009d9  init_ucs_16MHz                
00000a11  init_ucs_24MHz                
00000000  interruptVectors              
00000331  main                          
0000093d  memcpy                        
20000014  pwm_duty                      


GLOBAL SYMBOLS: SORTED BY Symbol Address 

address   name                          
-------   ----                          
00000000  __TI_static_base__            
00000000  interruptVectors              
000000e5  init_interrupciones           
0000014b  init_botons                   
00000200  __STACK_SIZE                  
0000020d  init_joysticks                
000002a7  config_RGB_LEDS               
000002f9  init_timers                   
00000331  main                          
00000357  TA0_0_IRQHandler              
00000357  TA0_0_IRQHandler              
000003a7  TA1_0_IRQHandler              
000003a7  TA1_0_IRQHandler              
00000457  PORT1_IRQHandler              
00000457  PORT1_IRQHandler              
00000485  PORT4_IRQHandler              
00000485  PORT4_IRQHandler              
00000525  PORT5_IRQHandler              
00000525  PORT5_IRQHandler              
00000609  SystemCoreClockUpdate         
00000881  SystemInit                    
0000093d  __aeabi_memcpy                
0000093d  __aeabi_memcpy4               
0000093d  __aeabi_memcpy8               
0000093d  memcpy                        
000009d9  init_ucs_16MHz                
00000a11  init_ucs_24MHz                
00000a51  __TI_decompress_lzss          
00000ab9  __TI_auto_init_nobinit_nopinit
00000afd  _c_int00_noargs               
00000b31  __TI_decompress_none          
00000b3f  Reset_Handler                 
00000b4b  ADC14_IRQHandler              
00000b4b  AES256_IRQHandler             
00000b4b  BusFault_Handler              
00000b4b  COMP_E0_IRQHandler            
00000b4b  COMP_E1_IRQHandler            
00000b4b  CS_IRQHandler                 
00000b4b  DMA_ERR_IRQHandler            
00000b4b  DMA_INT0_IRQHandler           
00000b4b  DMA_INT1_IRQHandler           
00000b4b  DMA_INT2_IRQHandler           
00000b4b  DMA_INT3_IRQHandler           
00000b4b  DebugMon_Handler              
00000b4b  Default_Handler               
00000b4b  EUSCIA0_IRQHandler            
00000b4b  EUSCIA1_IRQHandler            
00000b4b  EUSCIA2_IRQHandler            
00000b4b  EUSCIA3_IRQHandler            
00000b4b  EUSCIB0_IRQHandler            
00000b4b  EUSCIB1_IRQHandler            
00000b4b  EUSCIB2_IRQHandler            
00000b4b  EUSCIB3_IRQHandler            
00000b4b  FLCTL_IRQHandler              
00000b4b  FPU_IRQHandler                
00000b4b  HardFault_Handler             
00000b4b  MemManage_Handler             
00000b4b  NMI_Handler                   
00000b4b  PCM_IRQHandler                
00000b4b  PORT2_IRQHandler              
00000b4b  PORT3_IRQHandler              
00000b4b  PORT6_IRQHandler              
00000b4b  PSS_IRQHandler                
00000b4b  PendSV_Handler                
00000b4b  RTC_C_IRQHandler              
00000b4b  SVC_Handler                   
00000b4b  SysTick_Handler               
00000b4b  T32_INT1_IRQHandler           
00000b4b  T32_INT2_IRQHandler           
00000b4b  T32_INTC_IRQHandler           
00000b4b  TA0_N_IRQHandler              
00000b4b  TA1_N_IRQHandler              
00000b4b  TA2_0_IRQHandler              
00000b4b  TA2_N_IRQHandler              
00000b4b  TA3_0_IRQHandler              
00000b4b  TA3_N_IRQHandler              
00000b4b  UsageFault_Handler            
00000b4b  WDT_A_IRQHandler              
00000b4d  _system_pre_init              
00000b51  C$$EXIT                       
00000b51  abort                         
00000b78  __TI_Handler_Table_Base       
00000b80  __TI_CINIT_Base               
00000b80  __TI_Handler_Table_Limit      
00000b88  __TI_CINIT_Limit              
20000000  __start___llvm_prf_cnts       
20000000  __stop___llvm_prf_cnts        
20000000  color_sequence                
20000014  pwm_duty                      
20000015  aux_TA1                       
20000016  index_TA1                     
2000001c  SystemCoreClock               
2000fe00  __stack                       
20010000  __STACK_END                   
4000480c  WDTCTL_SYM                    
ffffffff  __TI_pprof_out_hndl           
ffffffff  __TI_prof_data_size           
ffffffff  __TI_prof_data_start          
ffffffff  __binit__                     
ffffffff  __c_args__                    
ffffffff  binit                         
UNDEFED   __mpu_init                    
UNDEFED   _system_post_cinit            

[103 symbols]
